
> backend@1.0.0 test
> jest --runInBand tests/integration/admin-panel/admin-panel.test.ts

  console.log
    [dotenv@17.2.3] injecting env (9) from .env -- tip: ÔÜÖ´©Å  suppress all logs with { quiet: true }

      at _log (node_modules/dotenv/lib/main.js:142:11)

  console.log
    [dotenv@17.2.3] injecting env (0) from .env -- tip: ­ƒôí add observability to secrets: https://dotenvx.com/ops

      at _log (node_modules/dotenv/lib/main.js:142:11)

  console.log
    [dotenv@17.2.3] injecting env (0) from .env -- tip: ­ƒøá´©Å  run anywhere with `dotenvx run -- yourcommand`

      at _log (node_modules/dotenv/lib/main.js:142:11)

[0mPOST /users/login [32m200[0m 76.677 ms - 618[0m
[0mGET /orders/admin/all [33m403[0m 1.966 ms - 73[0m
[0mPOST /users/login [32m200[0m 58.144 ms - 618[0m
[0mPOST /users/login [32m200[0m 57.297 ms - 594[0m
[0mGET /orders/admin/all [32m200[0m 6.643 ms - 996[0m
[0mPOST /users/login [32m200[0m 60.468 ms - 618[0m
[0mPOST /users/login [32m200[0m 57.586 ms - 601[0m
[0mPATCH /orders/admin/79e4357d-eaae-433c-84db-e4500e0b1a04/cancel [33m403[0m 1.109 ms - 73[0m
[0mPOST /users/login [32m200[0m 59.244 ms - 618[0m
[0mPOST /users/login [32m200[0m 57.110 ms - 601[0m
[0mPATCH /orders/admin/454b291c-6278-42bc-9871-3fc79a4ab036/cancel [33m400[0m 5.362 ms - 87[0m
[0mPOST /users/login [32m200[0m 55.668 ms - 618[0m
[0mPOST /users/login [32m200[0m 55.430 ms - 601[0m
[0mPATCH /orders/admin/3a89869a-eff1-4485-b260-067374db68d0/cancel [32m200[0m 12.281 ms - 565[0m
[0mPOST /users/login [32m200[0m 54.694 ms - 618[0m
[0mPOST /users/login [32m200[0m 54.967 ms - 600[0m
[0mDELETE /orders/admin/clear-all [33m403[0m 0.951 ms - 73[0m
[0mPOST /users/login [32m200[0m 54.080 ms - 618[0m
[0mPOST /users/login [32m200[0m 54.552 ms - 600[0m
[0mDELETE /orders/admin/clear-all [32m200[0m 3.377 ms - 125[0m
[0mPOST /users/login [32m200[0m 54.200 ms - 618[0m
[0mPOST /users/login [32m200[0m 55.470 ms - 602[0m
[0mDELETE /orders/admin/clear-cancelled [33m403[0m 1.001 ms - 73[0m
[0mPOST /users/login [32m200[0m 56.248 ms - 617[0m
[0mPOST /users/login [32m200[0m 57.992 ms - 602[0m
[0mDELETE /orders/admin/clear-cancelled [32m200[0m 4.853 ms - 136[0m
[0mPOST /users/login [32m200[0m 59.921 ms - 618[0m
[0mPOST /users/login [32m200[0m 56.452 ms - 600[0m
[0mGET /users [33m403[0m 1.139 ms - 73[0m
[0mPOST /users/login [32m200[0m 57.252 ms - 618[0m
[0mPOST /users/login [32m200[0m 57.371 ms - 600[0m
[0mGET /users [32m200[0m 2.084 ms - 994[0m
[0mPOST /users/login [32m200[0m 55.933 ms - 618[0m
[0mPOST /users/login [32m200[0m 56.529 ms - 600[0m
[0mGET /users/191bcf07-98c9-45ac-b65e-548b3af2e1ec [33m403[0m 0.904 ms - 73[0m
[0mPOST /users/login [32m200[0m 56.775 ms - 618[0m
[0mPOST /users/login [32m200[0m 58.200 ms - 600[0m
[0mGET /users/2971a4c6-9560-49e4-afbe-46fb4ffd33f9 [32m200[0m 2.080 ms - 342[0m
[0mPOST /users/login [32m200[0m 59.814 ms - 618[0m
[0mPOST /users/login [32m200[0m 55.662 ms - 600[0m
[0mDELETE /users/47dfb23c-1a35-4406-bc8b-d970f8f74908 [33m403[0m 0.952 ms - 73[0m
[0mPOST /users/login [32m200[0m 54.350 ms - 618[0m
[0mPOST /users/login [32m200[0m 54.644 ms - 600[0m
[0mDELETE /users/af80fba8-f500-4cd8-a033-6a2a477efc4a [32m200[0m 5.888 ms - 112[0m
[0mPOST /users/login [32m200[0m 54.360 ms - 617[0m
[0mPOST /users/login [32m200[0m 54.085 ms - 600[0m
[0mDELETE /users [33m403[0m 0.812 ms - 73[0m
[0mPOST /users/login [32m200[0m 53.862 ms - 618[0m
[0mPOST /users/login [32m200[0m 54.440 ms - 600[0m
[0mDELETE /users [32m200[0m 2.519 ms - 102[0m
[0mPOST /users/login [32m200[0m 55.014 ms - 618[0m
[0mPOST /users/login [32m200[0m 55.240 ms - 602[0m
[0mGET /reviews/admin/all [33m403[0m 1.009 ms - 73[0m
[0mPOST /users/login [32m200[0m 54.150 ms - 618[0m
[0mPOST /users/login [32m200[0m 54.896 ms - 602[0m
[0mGET /reviews/admin/all [32m200[0m 4.009 ms - 489[0m
[0mPOST /users/login [32m200[0m 54.242 ms - 618[0m
[0mPOST /users/login [32m200[0m 54.729 ms - 602[0m
[0mDELETE /reviews/admin/82adabfb-5370-48fb-96c2-5dc4ec63c39f [33m403[0m 0.864 ms - 73[0m
[0mPOST /users/login [32m200[0m 54.681 ms - 618[0m
[0mPOST /users/login [32m200[0m 54.557 ms - 602[0m
[0mDELETE /reviews/admin/f21cbf1c-a57a-40be-b15e-4a9bb0bfdb65 [32m200[0m 5.476 ms - 112[0m
[0mPOST /users/login [32m200[0m 54.892 ms - 618[0m
[0mPOST /users/login [32m200[0m 54.545 ms - 600[0m
[0mPOST /books [33m403[0m 0.912 ms - 73[0m
[0mPOST /users/login [32m200[0m 54.788 ms - 618[0m
[0mPOST /users/login [32m200[0m 55.143 ms - 600[0m
[0mPOST /books [33m400[0m 1.185 ms - 434[0m
  console.log
    POST /books/ ERROR: {
      success: false,
      message: 'Error de validaci├│n',
      errors: [
        'El t├¡tulo es requerido y debe contener al menos 2 caracteres.',
        'El autor es requerido y debe contener al menos 2 caracteres.',
        'El precio es requerido y debe ser un n├║mero mayor que 0.',
        'El stock es requerido y no puede ser negativo.',
        'El g├®nero es requerido y debe contener al menos 2 caracteres.',
        'La descripci├│n es requerida y debe contener al menos 10 caracteres.'
      ]
    }

      at Object.<anonymous> (tests/integration/admin-panel/admin-panel.test.ts:350:41)

[0mPOST /users/login [32m200[0m 54.407 ms - 618[0m
[0mPOST /users/login [32m200[0m 55.099 ms - 600[0m
[0mPUT /books/84774710-11d7-4234-b493-406c18520960 [33m403[0m 0.915 ms - 73[0m
[0mPOST /users/login [32m200[0m 54.601 ms - 618[0m
[0mPOST /users/login [32m200[0m 54.764 ms - 600[0m
[0mPUT /books/a8a09679-ec62-400c-b6b1-48be94d283a7 [32m200[0m 2.639 ms - 269[0m
  console.log
    PUT /books/:id ERROR: {
      success: true,
      message: 'Libro actualizado exitosamente',
      data: {
        id: 'a8a09679-ec62-400c-b6b1-48be94d283a7',
        title: 'To Update Book',
        author: 'Default Author',
        price: 10,
        stock: 10,
        image: '',
        genre: 'Default Genre',
        intro: null,
        description: 'Default Description'
      }
    }

      at Object.<anonymous> (tests/integration/admin-panel/admin-panel.test.ts:367:83)

[0mPOST /users/login [32m200[0m 54.348 ms - 618[0m
[0mPOST /users/login [32m200[0m 54.597 ms - 600[0m
[0mDELETE /books/b73ebec9-cec6-4dfd-9dc7-00bf9ea3108f [33m403[0m 0.815 ms - 73[0m
[0mPOST /users/login [32m200[0m 56.039 ms - 618[0m
[0mPOST /users/login [32m200[0m 56.476 ms - 600[0m
[0mDELETE /books/9b3b5b59-6f19-4fd0-91ba-950a42e76753 [32m200[0m 4.141 ms - 110[0m
node.exe : FAIL tests/integration/admin-panel/admin-panel.test.ts (9.444 s)
En C:\Program Files\nodejs\npm.ps1: 29 Carácter: 3
+   & $NODE_EXE $NPM_CLI_JS $args
+   ~~~~~~~~~~~~~~~~~~~~~~~~~~~~~
    + CategoryInfo          : NotSpecified: (FAIL tests/inte...st.ts (9.444 s):String) [], RemoteException
    + FullyQualifiedErrorId : NativeCommandError
 
  Admin Panel - M├│dulo de Administraci├│n
    Orders - Administraci├│n
      GET /orders/admin/all - Administraci├│n: Listar Todo
        ÔêÜ debe rechazar con 403 si un usuario normal intenta acceder (191 ms)
        ÔêÜ debe listar todas las ├│rdenes de todos los usuarios para un Admin (397 ms)
      PATCH /orders/admin/:id/cancel - Administraci├│n: Cancelaci├│n
        ÔêÜ debe rechazar con 403 si un usuario normal intenta cancelar (256 ms)
        ÔêÜ debe retornar 400 si la orden ya estaba CANCELLED (257 ms)
        ÔêÜ debe cambiar a CANCELLED y restaurar stock si la orden era PENDING (256 ms)
      DELETE /orders/admin/clear-all - Limpieza Masiva
        ÔêÜ debe rechazar con 403 si un usuario normal intenta limpiar ├│rdenes (234 ms)
        ÔêÜ debe limpiar todas las ├│rdenes para un administrador (237 ms)
      DELETE /orders/admin/clear-cancelled - Limpieza Canceladas
        ÔêÜ debe rechazar con 403 si un usuario normal intenta limpiar ├│rdenes canceladas (235 ms)
        ÔêÜ debe limpiar todas las ├│rdenes canceladas para un administrador (258 ms)
    Users - Administraci├│n
      GET /users/
        ÔêÜ debe rechazar con 403 si un usuario normal intenta acceder (251 ms)
        ÔêÜ debe retornar la lista de usuarios para un administrador (245 ms)
      GET /users/:id
        ÔêÜ debe rechazar con 403 si un usuario normal intenta acceder (239 ms)
        ÔêÜ debe retornar el usuario solicitado para un administrador (246 ms)
      DELETE /users/:id
        ├ù debe rechazar con 403 si un usuario normal intenta eliminar (248 ms)
        ÔêÜ debe eliminar el usuario y retornar 200 (298 ms)
      DELETE /users/
        ├ù debe rechazar con 403 si un usuario normal intenta limpiar usuarios (235 ms)
        ÔêÜ debe eliminar todos los usuarios no administradores (289 ms)
    Reviews - Administraci├│n
      GET /reviews/admin/all
        ÔêÜ debe rechazar con 403 si un usuario normal intenta acceder (242 ms)
        ÔêÜ debe retornar la lista de rese├▒as para un administrador (240 ms)
      DELETE /reviews/admin/:reviewId
        ÔêÜ debe rechazar con 403 si un usuario normal intenta eliminar (238 ms)
        ÔêÜ debe eliminar la rese├▒a y retornar 200 (243 ms)
    Books - Administraci├│n
      POST /books/
        ÔêÜ debe rechazar con 403 si un usuario normal intenta crear (236 ms)
        ├ù debe crear un libro para un administrador (240 ms)
      PUT /books/:id
        ÔêÜ debe rechazar con 403 si un usuario normal intenta actualizar (237 ms)
        ├ù debe actualizar un libro para un administrador (239 ms)
      DELETE /books/:id
        ÔêÜ debe rechazar con 403 si un usuario normal intenta eliminar (237 ms)
        ÔêÜ debe eliminar el libro para un administrador (243 ms)

  ÔùÅ Admin Panel - M├│dulo de Administraci├│n ÔÇ║ Users - Administraci├│n ÔÇ║ DELETE /users/:id ÔÇ║ debe rechazar con 
403 si un usuario normal intenta eliminar

    expect(received).toBe(expected) // Object.is equality

    Expected: "Prohibido: Solo los administradores pueden eliminar usuarios"
    Received: "Prohibido: se requiere rol de administrador"

    [0m [90m 11 |[39m   
     [90m 12 |[39m   [36mif[39m (expectedMessage) {
    [31m[1m>[22m[39m[90m 13 |[39m     
expect(response[33m.[39mbody[33m.[39mmessage)[33m.[39mtoBe(expectedMessage)[33m;[39m [90m// Verifica el 
texto[39m
     [90m    |[39m                                   [31m[1m^[22m[39m
     [90m 14 |[39m   }
     [90m 15 |[39m
     [90m 16 |[39m   [36mif[39m (expectedCode) {[0m

      at validateErrorResponse (tests/helpers/validateErrorResponse.ts:13:35)
      at Object.<anonymous> (tests/integration/admin-panel/admin-panel.test.ts:241:30)

  ÔùÅ Admin Panel - M├│dulo de Administraci├│n ÔÇ║ Users - Administraci├│n ÔÇ║ DELETE /users/ ÔÇ║ debe rechazar con 
403 si un usuario normal intenta limpiar usuarios

    expect(received).toBe(expected) // Object.is equality

    Expected: "Prohibido: Solo los administradores pueden realizar esta acci├│n"
    Received: "Prohibido: se requiere rol de administrador"

    [0m [90m 11 |[39m   
     [90m 12 |[39m   [36mif[39m (expectedMessage) {
    [31m[1m>[22m[39m[90m 13 |[39m     
expect(response[33m.[39mbody[33m.[39mmessage)[33m.[39mtoBe(expectedMessage)[33m;[39m [90m// Verifica el 
texto[39m
     [90m    |[39m                                   [31m[1m^[22m[39m
     [90m 14 |[39m   }
     [90m 15 |[39m
     [90m 16 |[39m   [36mif[39m (expectedCode) {[0m

      at validateErrorResponse (tests/helpers/validateErrorResponse.ts:13:35)
      at Object.<anonymous> (tests/integration/admin-panel/admin-panel.test.ts:256:30)

  ÔùÅ Admin Panel - M├│dulo de Administraci├│n ÔÇ║ Books - Administraci├│n ÔÇ║ POST /books/ ÔÇ║ debe crear un libro 
para un administrador

    expect(received).toBe(expected) // Object.is equality

    Expected: 201
    Received: 400

    [0m [90m 349 |[39m         [36mconst[39m res [33m=[39m [36mawait[39m createBookAdmin(app[33m,[39m 
adminToken[33m,[39m bookData)[33m;[39m
     [90m 350 |[39m         [36mif[39m (res[33m.[39mstatus [33m!==[39m [35m201[39m) 
console[33m.[39mlog([32m"POST /books/ ERROR:"[39m[33m,[39m res[33m.[39mbody)[33m;[39m
    [31m[1m>[22m[39m[90m 351 |[39m         expect(res[33m.[39mstatus)[33m.[39mtoBe([35m201[39m)[33m;[39m
     [90m     |[39m                            [31m[1m^[22m[39m
     [90m 352 |[39m         expect(res[33m.[39mbody[33m.[39msuccess)[33m.[39mtoBe([36mtrue[39m)[33m;[39m
     [90m 353 |[39m         
expect(res[33m.[39mbody[33m.[39mdata[33m.[39mtitle)[33m.[39mtoBe(bookData[33m.[39mtitle)[33m;[39m
     [90m 354 |[39m       })[33m;[39m[0m

      at Object.<anonymous> (tests/integration/admin-panel/admin-panel.test.ts:351:28)

  ÔùÅ Admin Panel - M├│dulo de Administraci├│n ÔÇ║ Books - Administraci├│n ÔÇ║ PUT /books/:id ÔÇ║ debe actualizar un 
libro para un administrador

    expect(received).toBe(expected) // Object.is equality

    Expected: 20.99
    Received: 10

    [0m [90m 368 |[39m         expect(res[33m.[39mstatus)[33m.[39mtoBe([35m200[39m)[33m;[39m
     [90m 369 |[39m         expect(res[33m.[39mbody[33m.[39msuccess)[33m.[39mtoBe([36mtrue[39m)[33m;[39m
    [31m[1m>[22m[39m[90m 370 |[39m         
expect([33mNumber[39m(res[33m.[39mbody[33m.[39mdata[33m.[39mprice))[33m.[39mtoBe([35m20.99[39m)[33m;[39m
     [90m     |[39m                                             [31m[1m^[22m[39m
     [90m 371 |[39m       })[33m;[39m
     [90m 372 |[39m     })[33m;[39m
     [90m 373 |[39m[0m

      at Object.<anonymous> (tests/integration/admin-panel/admin-panel.test.ts:370:45)

Test Suites: 1 failed, 1 total
Tests:       4 failed, 23 passed, 27 total
Snapshots:   0 total
Time:        9.721 s, estimated 10 s
Ran all test suites matching tests/integration/admin-panel/admin-panel.test.ts.
